2026-05-08T21:44:51.194973: Игра запущена. Загадано слово: экран
2026-05-08T21:45:20.802164100: Попытка: арбуз | Результат: ^^... | Осталось: 5
2026-05-08T21:50:24.221366100: Попытка: банан | Результат: ...++ | Осталось: 4
2026-05-08T21:50:31.158321700: Попытка: экран | Результат: +++++ | Осталось: 3
2026-05-08T21:50:31.159325200: Игра завершена победой пользователя.
2026-05-08T21:52:39.815019900: Игра запущена. Загадано слово: ручка
2026-05-08T21:52:51.057382200: Попытка: ягода | Результат: ....+ | Осталось: 5
2026-05-08T21:55:28.618365500: Игра запущена. Загадано слово: поезд
2026-05-08T21:55:58.238497100: Попытка: завод | Результат: ^..^+ | Осталось: 5
2026-05-08T21:56:19.237357500: Попытка: доска | Результат: ^+... | Осталось: 4
2026-05-08T21:56:25.188543: Попытка: вилка | Результат: ..... | Осталось: 3
2026-05-08T21:56:36.437305: Попытка: дождь | Результат: ^+... | Осталось: 2
2026-05-08T21:56:44.018281700: Попытка: вагон | Результат: ...^. | Осталось: 1
2026-05-08T21:56:49.615806400: Попытка: зебра | Результат: ^^... | Осталось: 0
2026-05-08T21:56:49.617319600: Игра завершена поражением.
2026-05-08T21:57:02.802465: Игра запущена. Загадано слово: комар
2026-05-08T21:57:15.984947600: Попытка: лимон | Результат: ..+^. | Осталось: 5
2026-05-08T21:57:38.600644: Попытка: туман | Результат: ..++. | Осталось: 4
2026-05-08T21:58:14.405821800: Попытка: комар | Результат: +++++ | Осталось: 3
2026-05-08T21:58:14.407329200: Игра завершена победой пользователя.
2026-05-08T21:59:10.904797400: Игра запущена. Загадано слово: число
2026-05-08T21:59:49.724991300: Попытка: поезд | Результат: .^... | Осталось: 5
2026-05-08T22:00:01.363857800: Попытка: халат | Результат: ..^.. | Осталось: 4
2026-05-08T22:00:05.518616800: Попытка: такси | Результат: ...^^ | Осталось: 3
2026-05-08T22:00:10.169464200: Попытка: радио | Результат: ...^+ | Осталось: 2
2026-05-08T22:00:18.873831200: Попытка: метро | Результат: ....+ | Осталось: 1
2026-05-08T22:00:38.349532: Попытка: число | Результат: +++++ | Осталось: 0
2026-05-08T22:00:38.349532: Игра завершена победой пользователя.
2026-05-08T22:01:15.252118900: Игра запущена. Загадано слово: книга
2026-05-08T22:01:27.545874800: Попытка: ягода | Результат: .^..+ | Осталось: 5
2026-05-08T22:01:57.737467900: Попытка: музей | Результат: ..... | Осталось: 4
2026-05-08T22:02:13.051221200: Попытка: комар | Результат: +..^. | Осталось: 3
2026-05-08T22:02:20.631157400: Попытка: книга | Результат: +++++ | Осталось: 2
2026-05-08T22:02:20.632155800: Игра завершена победой пользователя.
